
[TestInt/snapshot - 1]
[]int{-1024214319040509214, -3427828286336075315, 3622483437476214676, -9071030773234592610, -2983043166496081479, 2387964590966896618, -4907317096876299487, 6371807342917806606, -8689441939305584874, -4015491090957372417, 7327781252148902766, -309828431606014439, -1207201633207459964, -6348921211429965346, -4229393020447405874, -6162586687022387499, 1809691917286208250, 7456671082155673532, -5760307580357835000, -601628934242418711, -6272760314558795454, 5544867986608819904, 1913372187714930580, -6121528027435966238, -3436143887197781040, -6124094212219768814, -4767860467144384089, 1615633936336802597, -7912300752762768502, 5706397743230498615, -1374299613108356537, -1323048990701492715, 6250962908413526277, 2770274108352895519, 6836597758626056562, 7540034499961525444, -4810593803724933495, -1843682851404232976, -2478750636382356036, 890049141854167988, -7485399661378140383, -8125217901201441585, -3533042583634541250, -1136709261032747262, -6238043988645615698, 6106716667793900113, 5920857205064581078, 6476820883164835890, 7948606094560717077, -7560483018497843467, -1212229595887772287, -1257527515956584135, -753984013604969482, -2052178022113013662, 7346003140246195355, -6515154754341856480, -7945372536163042744, -6847888624829042194, 592632158448541126, 4596155801985949438, -8582466525928286631, 331922060203162509, 1590928321524563388, 3369957537200245146, -7341948008914049001, 2635772344008701825, -7740650619264255371, 8219058396980901606, 2033982403707751982, 8944679105038788728, 9085804142438851500, 7741697809980003168, -4579767365432403122, 5831091144304010175, -8909496345026561590, -1794644393656305722, -2383473962178118824, 5660291728699740856, -3345585025933784993, -4550873605933934164, -8636628629973817935, -3112093780897470767, 1221662686840347985, 5866060908891236697, -8410531868339711776, -5068272155124704441, 9001503974965105593, 7727358471405391714, -6329133827676728842, 2970675016002851780, 3970188672038740563, -5006959250573178064, 2059092577873197371, 5686935329886999933, 2914975530122506997, 5330672126279684353, 1010198710933474171, 6720488804247634393, -1770675764847338485, 4719257024528092905}
---

[TestInt32/snapshot - 1]
[]int32{-608646430, -238468480, -1041827379, -798103467, 1602320276, 843425150, 1991709854, -2112013934, 2136488377, -694543861, -1127548950, 555991332, -1199789279, -1142573799, -472421874, 1483552004, 1196369686, -2023168360, -1262652417, -934929376, 2115648366, 1706132025, -657547751, -72137554, -1201283196, -281073534, -708431394, -1478223413, -927512370, -984732300, 377138901, -1434839025, -356683014, 421351733, -1831794756, 1736141527, 1808271112, -1341176122, -1949719, -140077653, 2039361858, -1460490822, 1279332032, 1291015182, 64767892, 445491678, 974446818, -1425279311, 242369488, -800039593, -979537902, -1425876798, -1791286873, -1110104022, 1315689253, 376169089, -209390710, -1842226078, -2141702345, 1328624259, -2118632889, -319979064, -389257707, -308046349, 1814135045, 1455415717, -1093264865, 645004703, -1960621710, 1591769456, -865758012, 1755551085, 1380431497, -1120053652, 59918064, -429265865, -542638660, -577129107, -1797528652, 207230714, -709228767, -1742830422, 1010711759, -1891799714, 841123134, -822600579, 457117442, -264660749, -75208786, -1452407798, 1607467601, 1421830772, 162512854, 1378556994, 249507890, 1508002375, 634120469, 1850679073, 2014322421, -1760312128}
---

[TestInt64/snapshot - 1]
[]int64{-1024214319040509214, -3427828286336075315, 3622483437476214676, -9071030773234592610, -2983043166496081479, 2387964590966896618, -4907317096876299487, 6371807342917806606, -8689441939305584874, -4015491090957372417, 7327781252148902766, -309828431606014439, -1207201633207459964, -6348921211429965346, -4229393020447405874, -6162586687022387499, 1809691917286208250, 7456671082155673532, -5760307580357835000, -601628934242418711, -6272760314558795454, 5544867986608819904, 1913372187714930580, -6121528027435966238, -3436143887197781040, -6124094212219768814, -4767860467144384089, 1615633936336802597, -7912300752762768502, 5706397743230498615, -1374299613108356537, -1323048990701492715, 6250962908413526277, 2770274108352895519, 6836597758626056562, 7540034499961525444, -4810593803724933495, -1843682851404232976, -2478750636382356036, 890049141854167988, -7485399661378140383, -8125217901201441585, -3533042583634541250, -1136709261032747262, -6238043988645615698, 6106716667793900113, 5920857205064581078, 6476820883164835890, 7948606094560717077, -7560483018497843467, -1212229595887772287, -1257527515956584135, -753984013604969482, -2052178022113013662, 7346003140246195355, -6515154754341856480, -7945372536163042744, -6847888624829042194, 592632158448541126, 4596155801985949438, -8582466525928286631, 331922060203162509, 1590928321524563388, 3369957537200245146, -7341948008914049001, 2635772344008701825, -7740650619264255371, 8219058396980901606, 2033982403707751982, 8944679105038788728, 9085804142438851500, 7741697809980003168, -4579767365432403122, 5831091144304010175, -8909496345026561590, -1794644393656305722, -2383473962178118824, 5660291728699740856, -3345585025933784993, -4550873605933934164, -8636628629973817935, -3112093780897470767, 1221662686840347985, 5866060908891236697, -8410531868339711776, -5068272155124704441, 9001503974965105593, 7727358471405391714, -6329133827676728842, 2970675016002851780, 3970188672038740563, -5006959250573178064, 2059092577873197371, 5686935329886999933, 2914975530122506997, 5330672126279684353, 1010198710933474171, 6720488804247634393, -1770675764847338485, 4719257024528092905}
---

[TestUint/snapshot - 1]
[]uint{0xf1c94280dbb8cae2, 0xd06de855c1e6f9cd, 0x3245a57e5f817794, 0x821d399276b7149e, 0xd69a1a0b7f5839b9, 0x2123c124bccaf7ea, 0xbbe5b519b87cab21, 0x586d3504e3d76a0e, 0x8768e698474f2716, 0xc8461c20b4bd73ff, 0x65b182397e1a3b6e, 0xfbb344aed8ce9e19, 0xef3f2882b865df84, 0xa7e419cbd5c631de, 0xc54e2d74c8b748ce, 0xaa7a180f167aaed5, 0x191d5135eabd72fa, 0x677b6ad792d107bc, 0xb00f46c66bc80708, 0xf7a695abffe23fe9, 0xa8f2adba798e3142, 0x4cf3540e4c410ec0, 0x1a8da9de03dc4794, 0xab0bf6b13a14e0e2, 0xd0505d570e7243d0, 0xab02d8c2c59d7012, 0xbdd5282a953b21a7, 0x166be2814e6bd325, 0x9231dc62f384f38a, 0x4f31328380583737, 0xeced81c881b83a47, 0xeda395f3e8cc6615, 0x56bfe1a56c218105, 0x2671fd9fbed61a1f, 0x5ee079708b234972, 0x68a3956dcc6594c4, 0xbd3d566c5247b689, 0xe669ec37039246f0, 0xdd99b56ddfa7fdbc, 0xc5a16fa94dbe3b4, 0x981e84aad5ba0721, 0x8f3d6d5e3c3e3ccf, 0xcef81c7d3222853e, 0xf03998f31b3f0f02, 0xa96e040afb8467ae, 0x54bf6a745fd00251, 0x522b1c4209afbfd6, 0x59e24a470edf3032, 0x6e4f1f2125cbe915, 0x9713c4c078101ef5, 0xef2d4b9aeee4dd81, 0xee8c5d630c20e139, 0xf5894f88cec0a3f6, 0xe38532f638171062, 0x65f23eef6d474c9b, 0xa59585450ac19b20, 0x91bc5dc655db7a48, 0xa0f76993cfa071ee, 0x83973cee6cc5dc6, 0x3fc8d359b5b91efe, 0x88e4f42aa15d1659, 0x49b395aeb867b8d, 0x16141ce11b947dbc, 0x2ec47e8678f8899a, 0x9a1c292f694aa817, 0x249424fb616ff781, 0x9493af460458ba75, 0x720ff610cc3cf6e6, 0x1c3a28383c654e2e, 0x7c21e2414db22878, 0x7e1742ba98d723ac, 0x6b70092412471360, 0xc07165d885799b4e, 0x50ec3280552aa3bf, 0x845b1c475b0cf9ca, 0xe718246eb1f837c6, 0xdeec330f40fafb58, 0x4e8d6556763ad2b8, 0xd19218250359c85f, 0xc0d80c91249b59ac, 0x88248805157125b1, 0xd4cf9f31e1e766d1, 0x10f437bdb477dd51, 0x51686f5121446959, 0x8b47c9d39f8250e0, 0xb9a9e153e8c9db47, 0x7cebc42c580fd3b9, 0x6b3d1796a4394f62, 0xa82a6651216b91f6, 0x2939f5300ffa53c4, 0x3718f18ff0262253, 0xba83b516f0bacb30, 0x1c935dca3fc6793b, 0x4eec0d8d4688957d, 0x287412cce9e872f5, 0x49fa5a0e44fa1101, 0xe04f26015bf4b7b, 0x5d43f8f5f62b81d9, 0xe76d4bc5f7e19c0b, 0x417e2b4296c38ee9}
---

[TestUint32/snapshot - 1]
[]uint32{0xdbb8cae2, 0xf1c94280, 0xc1e6f9cd, 0xd06de855, 0x5f817794, 0x3245a57e, 0x76b7149e, 0x821d3992, 0x7f5839b9, 0xd69a1a0b, 0xbccaf7ea, 0x2123c124, 0xb87cab21, 0xbbe5b519, 0xe3d76a0e, 0x586d3504, 0x474f2716, 0x8768e698, 0xb4bd73ff, 0xc8461c20, 0x7e1a3b6e, 0x65b18239, 0xd8ce9e19, 0xfbb344ae, 0xb865df84, 0xef3f2882, 0xd5c631de, 0xa7e419cb, 0xc8b748ce, 0xc54e2d74, 0x167aaed5, 0xaa7a180f, 0xeabd72fa, 0x191d5135, 0x92d107bc, 0x677b6ad7, 0x6bc80708, 0xb00f46c6, 0xffe23fe9, 0xf7a695ab, 0x798e3142, 0xa8f2adba, 0x4c410ec0, 0x4cf3540e, 0x3dc4794, 0x1a8da9de, 0x3a14e0e2, 0xab0bf6b1, 0xe7243d0, 0xd0505d57, 0xc59d7012, 0xab02d8c2, 0x953b21a7, 0xbdd5282a, 0x4e6bd325, 0x166be281, 0xf384f38a, 0x9231dc62, 0x80583737, 0x4f313283, 0x81b83a47, 0xeced81c8, 0xe8cc6615, 0xeda395f3, 0x6c218105, 0x56bfe1a5, 0xbed61a1f, 0x2671fd9f, 0x8b234972, 0x5ee07970, 0xcc6594c4, 0x68a3956d, 0x5247b689, 0xbd3d566c, 0x39246f0, 0xe669ec37, 0xdfa7fdbc, 0xdd99b56d, 0x94dbe3b4, 0xc5a16fa, 0xd5ba0721, 0x981e84aa, 0x3c3e3ccf, 0x8f3d6d5e, 0x3222853e, 0xcef81c7d, 0x1b3f0f02, 0xf03998f3, 0xfb8467ae, 0xa96e040a, 0x5fd00251, 0x54bf6a74, 0x9afbfd6, 0x522b1c42, 0xedf3032, 0x59e24a47, 0x25cbe915, 0x6e4f1f21, 0x78101ef5, 0x9713c4c0}
---

[TestUint64/snapshot - 1]
[]uint64{0xf1c94280dbb8cae2, 0xd06de855c1e6f9cd, 0x3245a57e5f817794, 0x821d399276b7149e, 0xd69a1a0b7f5839b9, 0x2123c124bccaf7ea, 0xbbe5b519b87cab21, 0x586d3504e3d76a0e, 0x8768e698474f2716, 0xc8461c20b4bd73ff, 0x65b182397e1a3b6e, 0xfbb344aed8ce9e19, 0xef3f2882b865df84, 0xa7e419cbd5c631de, 0xc54e2d74c8b748ce, 0xaa7a180f167aaed5, 0x191d5135eabd72fa, 0x677b6ad792d107bc, 0xb00f46c66bc80708, 0xf7a695abffe23fe9, 0xa8f2adba798e3142, 0x4cf3540e4c410ec0, 0x1a8da9de03dc4794, 0xab0bf6b13a14e0e2, 0xd0505d570e7243d0, 0xab02d8c2c59d7012, 0xbdd5282a953b21a7, 0x166be2814e6bd325, 0x9231dc62f384f38a, 0x4f31328380583737, 0xeced81c881b83a47, 0xeda395f3e8cc6615, 0x56bfe1a56c218105, 0x2671fd9fbed61a1f, 0x5ee079708b234972, 0x68a3956dcc6594c4, 0xbd3d566c5247b689, 0xe669ec37039246f0, 0xdd99b56ddfa7fdbc, 0xc5a16fa94dbe3b4, 0x981e84aad5ba0721, 0x8f3d6d5e3c3e3ccf, 0xcef81c7d3222853e, 0xf03998f31b3f0f02, 0xa96e040afb8467ae, 0x54bf6a745fd00251, 0x522b1c4209afbfd6, 0x59e24a470edf3032, 0x6e4f1f2125cbe915, 0x9713c4c078101ef5, 0xef2d4b9aeee4dd81, 0xee8c5d630c20e139, 0xf5894f88cec0a3f6, 0xe38532f638171062, 0x65f23eef6d474c9b, 0xa59585450ac19b20, 0x91bc5dc655db7a48, 0xa0f76993cfa071ee, 0x83973cee6cc5dc6, 0x3fc8d359b5b91efe, 0x88e4f42aa15d1659, 0x49b395aeb867b8d, 0x16141ce11b947dbc, 0x2ec47e8678f8899a, 0x9a1c292f694aa817, 0x249424fb616ff781, 0x9493af460458ba75, 0x720ff610cc3cf6e6, 0x1c3a28383c654e2e, 0x7c21e2414db22878, 0x7e1742ba98d723ac, 0x6b70092412471360, 0xc07165d885799b4e, 0x50ec3280552aa3bf, 0x845b1c475b0cf9ca, 0xe718246eb1f837c6, 0xdeec330f40fafb58, 0x4e8d6556763ad2b8, 0xd19218250359c85f, 0xc0d80c91249b59ac, 0x88248805157125b1, 0xd4cf9f31e1e766d1, 0x10f437bdb477dd51, 0x51686f5121446959, 0x8b47c9d39f8250e0, 0xb9a9e153e8c9db47, 0x7cebc42c580fd3b9, 0x6b3d1796a4394f62, 0xa82a6651216b91f6, 0x2939f5300ffa53c4, 0x3718f18ff0262253, 0xba83b516f0bacb30, 0x1c935dca3fc6793b, 0x4eec0d8d4688957d, 0x287412cce9e872f5, 0x49fa5a0e44fa1101, 0xe04f26015bf4b7b, 0x5d43f8f5f62b81d9, 0xe76d4bc5f7e19c0b, 0x417e2b4296c38ee9}
---

[TestIntBetween/snapshot - 1]
[]int{98, 77, 20, 30, 57, 106, -95, -114, -106, 127, -18, -103, 4, 94, 78, 85, 122, 60, -120, 105, -62, 64, 20, 98, 80, -110, 39, -91, 10, -73, -57, -107, -123, -97, -14, 68, 9, 112, 60, 52, -95, 79, -66, -126, 46, -47, 86, -78, -107, 117, 1, -71, 118, -30, 27, -96, -56, 110, 70, 126, -39, 13, 60, 26, -105, 1, -11, 102, -82, -8, 44, -32, -50, 63, 74, 70, -40, 56, -33, 44, 49, 81, -47, -39, 96, -57, 57, -30, 118, 68, -45, -80, -69, -3, 117, -127, -5, 89, -117, 105}
---

[TestInt32Between/snapshot - 1]
[]int32{98, 0, 77, -43, 20, -2, 30, 18, 57, -117, 106, -92, -95, -103, -114, -124, -106, 24, 127, -96, -18, -71, -103, 46, 4, 2, 94, 75, 78, -12, 85, -113, 122, -75, 60, 87, -120, 70, 105, 43, -62, 58, 64, -114, 20, 94, 98, 49, 80, -41, -110, 66, 39, -86, -91, 1, 10, -30, -73, 3, -57, 72, -107, 115, -123, 37, -97, 31, -14, -16, 68, -19, 9, -20, 112, -73, 60, -19, 52, 122, -95, 42, 79, -34, -66, -3, -126, 115, 46, -118, -47, -12, 86, -62, -78, -57, -107, -95, 117, 64}
---

[TestInt64Between/snapshot - 1]
[]int64{98, 77, 20, 30, 57, 106, -95, -114, -106, 127, -18, -103, 4, 94, 78, 85, 122, 60, -120, 105, -62, 64, 20, 98, 80, -110, 39, -91, 10, -73, -57, -107, -123, -97, -14, 68, 9, 112, 60, 52, -95, 79, -66, -126, 46, -47, 86, -78, -107, 117, 1, -71, 118, -30, 27, -96, -56, 110, 70, 126, -39, 13, 60, 26, -105, 1, -11, 102, -82, -8, 44, -32, -50, 63, 74, 70, -40, 56, -33, 44, 49, 81, -47, -39, 96, -57, 57, -30, 118, 68, -45, -80, -69, -3, 117, -127, -5, 89, -117, 105}
---

[TestUintBetween/snapshot - 1]
[]uint{0xe2, 0x9e, 0xe, 0x19, 0xce, 0xd5, 0xfa, 0xc0, 0xe2, 0x12, 0x47, 0x15, 0x1f, 0xc4, 0x89, 0xf0, 0xcf, 0x51, 0x32, 0xf5, 0x62, 0x9b, 0x48, 0xfe, 0x59, 0x17, 0x75, 0xe6, 0x2e, 0x78, 0xb8, 0x5f, 0xd1, 0xe0, 0x53, 0xf5, 0xb, 0xe9, 0xc1, 0x2b, 0x3e, 0xf7, 0x78, 0xef, 0xdf, 0x7e, 0xe4, 0x12, 0xeb, 0xdd, 0xa8, 0xa, 0x0, 0x49, 0xe0, 0xf7, 0x4a, 0x9d, 0x70, 0x91, 0xb5, 0x2f, 0x34, 0x2f, 0x20, 0xd8, 0x8b, 0xcd, 0x52, 0xc8, 0x7c, 0x7a, 0x9b, 0xb2, 0x9f, 0x1a, 0x1a, 0xe8, 0xeb, 0xf9, 0x9, 0xc5, 0x1a, 0xfe, 0x83, 0x46, 0xf9, 0x50, 0xa3, 0x97, 0x7c, 0xa0, 0xe0, 0x4e, 0xa4, 0x58, 0x98, 0xd6, 0x53, 0xa5}
---

[TestUint32Between/snapshot - 1]
[]uint32{0xe2, 0x80, 0x55, 0x9e, 0xb, 0xe, 0x98, 0x20, 0x39, 0x19, 0xae, 0x82, 0xce, 0xd5, 0xf, 0xfa, 0xd7, 0xc6, 0xc0, 0xe, 0xe2, 0xb1, 0x12, 0xc2, 0x2a, 0x81, 0x62, 0x83, 0x47, 0x15, 0x1f, 0xc4, 0x89, 0x6c, 0xf0, 0x37, 0xfa, 0xaa, 0xcf, 0x7d, 0xf3, 0xa, 0x51, 0x74, 0x42, 0x32, 0x47, 0xf5, 0xc0, 0x62, 0xf6, 0x9b, 0xef, 0x48, 0xfe, 0x59, 0x2a, 0xe1, 0x86, 0x17, 0xfb, 0x75, 0xe6, 0x10, 0x2e, 0x38, 0x78, 0x41, 0xba, 0x80, 0x47, 0x6e, 0xb8, 0x5f, 0x25, 0x91, 0x5, 0xd1, 0xe0, 0x2c, 0x51, 0x53, 0xf5, 0xcc, 0xe, 0x60, 0xf5, 0xb, 0xe9, 0xc4, 0xc1, 0xf7, 0x2b, 0xab, 0x3e, 0x99, 0x88, 0xf7, 0x78, 0xef}
---

[TestUint64Between/snapshot - 1]
[]uint64{0xe2, 0x9e, 0xe, 0x19, 0xce, 0xd5, 0xfa, 0xc0, 0xe2, 0x12, 0x47, 0x15, 0x1f, 0xc4, 0x89, 0xf0, 0xcf, 0x51, 0x32, 0xf5, 0x62, 0x9b, 0x48, 0xfe, 0x59, 0x17, 0x75, 0xe6, 0x2e, 0x78, 0xb8, 0x5f, 0xd1, 0xe0, 0x53, 0xf5, 0xb, 0xe9, 0xc1, 0x2b, 0x3e, 0xf7, 0x78, 0xef, 0xdf, 0x7e, 0xe4, 0x12, 0xeb, 0xdd, 0xa8, 0xa, 0x0, 0x49, 0xe0, 0xf7, 0x4a, 0x9d, 0x70, 0x91, 0xb5, 0x2f, 0x34, 0x2f, 0x20, 0xd8, 0x8b, 0xcd, 0x52, 0xc8, 0x7c, 0x7a, 0x9b, 0xb2, 0x9f, 0x1a, 0x1a, 0xe8, 0xeb, 0xf9, 0x9, 0xc5, 0x1a, 0xfe, 0x83, 0x46, 0xf9, 0x50, 0xa3, 0x97, 0x7c, 0xa0, 0xe0, 0x4e, 0xa4, 0x58, 0x98, 0xd6, 0x53, 0xa5}
---

[TestFloat32/snapshot - 1]
[]float32{0.7218457460403442, 0.7861709594726562, 0.9022491574287415, 0.4293263554573059, 0.5057308673858643, 0.2720564603805542, 0.7151583433151245, 0.11415970325469971, 0.34463077783584595, 0.6019598841667175, 0.7928453683853149, 0.13966584205627441, 0.4869862198829651, 0.8972945809364319, 0.8414620161056519, 0.4265902042388916, 0.30919015407562256, 0.40976858139038086, 0.7400512099266052, 0.2738666534423828, 0.10246932506561279, 0.6933932900428772, 0.8070998787879944, 0.7002667188644409, 0.39794182777404785, 0.2467118501663208, 0.7741984128952026, 0.8910185694694519, 0.7159546613693237, 0.30538105964660645, 0.47923022508621216, 0.47692960500717163, 0.7400356531143188, 0.1145203709602356, 0.8165242671966553, 0.4820989966392517, 0.7813572883605957, 0.05967366695404053, 0.8837876915931702, 0.6507212519645691, 0.5554391145706177, 0.9479633569717407, 0.2541313171386719, 0.9505013227462769, 0.8604671955108643, 0.5533732175827026, 0.08155643939971924, 0.046732962131500244, 0.4463472366333008, 0.31392425298690796, 0.614991307258606, 0.011119961738586426, 0.23098224401474, 0.8326441049575806, 0.4211905598640442, 0.421424925327301, 0.5193411111831665, 0.194769024848938, 0.34459251165390015, 0.19217699766159058, 0.719639241695404, 0.9277615547180176, 0.7984326481819153, 0.6390067934989929, 0.13087493181228638, 0.7495368123054504, 0.836336076259613, 0.4452762007713318, 0.1378394365310669, 0.8768529891967773, 0.396801233291626, 0.638998806476593, 0.28012901544570923, 0.23959994316101074, 0.5713949203491211, 0.41376060247421265, 0.6562154293060303, 0.600424587726593, 0.8589432239532471, 0.35191309452056885, 0.7266712784767151, 0.11921179294586182, 0.2431153655052185, 0.2399500608444214, 0.13484561443328857, 0.9691846966743469, 0.24632275104522705, 0.22499006986618042, 0.5172070264816284, 0.42974913120269775, 0.8125353455543518, 0.747718095779419, 0.6865209341049194, 0.16839993000030518, 0.8718291521072388, 0.883945882320404, 0.7965252995491028, 0.3090687394142151, 0.06297236680984497, 0.07722091674804688}
---

[TestFloat64/snapshot - 1]
[]float64{0.28936808504508016, 0.4346112048295311, 0.17645186093771992, 0.9132778471618115, 0.815679310531599, 0.11732708810427295, 0.17835699112524506, 0.41272205829892683, 0.278148783946764, 0.19093356419364216, 0.5471465552271704, 0.6021341547502203, 0.9736951447984983, 0.12814895394108894, 0.4430488510354509, 0.8154368819282022, 0.9161634049192735, 0.8567922465811004, 0.47738953639074655, 0.20577049233724864, 0.5837070821885748, 0.6040107240046027, 0.4269857478523016, 0.3738638052373313, 0.5113940508036823, 0.08896006199529638, 0.6611531176250097, 0.3713995486892584, 0.5581526523816234, 0.5374162203531573, 0.4220926793657974, 0.11205478161281468, 0.9962946998530532, 0.56220996163103, 0.014824172738640451, 0.11199083253145448, 0.9167996985467691, 0.3100848264459426, 0.8033971184049089, 0.8153050334359393, 0.953694741663842, 0.9196005989669177, 0.7534776667782024, 0.7999206096796743, 0.43799351810888765, 0.9817449447001058, 0.34719945804499264, 0.07156708626417285, 0.4725499857152352, 0.6177675576190881, 0.41547915133462265, 0.38639976853213576, 0.2909587896475603, 0.16247092204185898, 0.5701825270029021, 0.6725182733615362, 0.8864471127415721, 0.731637864609693, 0.7953867442874347, 0.2757996129302851, 0.15480548397381277, 0.8507513618568382, 0.62852530848243, 0.1404449808799655, 0.8800274902798745, 0.6295143988679542, 0.6151456913847385, 0.4987873066927164, 0.817409627876662, 0.05886902976023034, 0.7268956170238332, 0.5011158329949517, 0.5436823470052816, 0.38116470941633185, 0.8472019937833519, 0.7544473148316164, 0.3812328595302956, 0.4186203297782276, 0.5654473367160441, 0.7515340533234869, 0.14160398662459361, 0.48818296548707896, 0.6318043255586564, 0.26358849046236366, 0.24338704256163268, 0.3087558313990052, 0.36769692611289095, 0.9091294486520207, 0.3249898579347803, 0.8111801445071412, 0.7794875803384208, 0.11585566537391934, 0.6051989789591866, 0.37665427948074603, 0.6272949760928827, 0.8234931323245577, 0.15458683249958882, 0.12414072113102315, 0.41549967207254335, 0.9427807755095873}
---

[TestBool/snapshot - 1]
[]bool{false, false, true, true, false, false, false, false, true, true, false, false, true, true, false, false, false, false, true, false, false, true, true, false, false, false, false, true, false, false, true, true, false, true, false, true, false, false, true, true, false, false, false, false, false, false, false, true, false, true, false, false, true, false, true, true, false, false, true, true, true, false, true, true, true, true, true, true, false, false, false, true, true, false, false, true, false, true, false, false, true, false, true, false, false, true, false, true, false, false, true, false, false, false, false, true, true, true, true, false}
---
