
[TestInt/snapshot - 1]
[]int{7427497694114400994, -3465415743363267968, 8046058179276503501, -1743599329602574251, 3880120997801719700, 514349633351558526, 4446400990080865438, 2122391901483907474, 6895786857353198009, 6924233354931477003, 5927071441631246314, -101173382939950812, 738172046529047329, 4705289697015215385, 4499922473467734542, 3838397675324912900, -1817706853701834986, -4814152810303527272, 2790305513529504767, 7435769856634788896, -7846188202886284434, -6982750187383848391, 8695158562790219289, 4379385561030542510, 2668152353020305284, -4071872667563644798, -5580025175278734882, 4235358654601370059, 5694409455634434254, 8253492515476221300, 6780100824849362645, 4019602278200252431, 2257030709832938234, 5696829327457210677, 2646565709321144252, -6846916997599761705, 1668213974439036680, -8310833853076912442, -4530383245293764631, 2723633719409022379, 9024564634191802690, 2917482548687973818, 667914540188503744, -5521557903737924594, -1229468645074385004, -4924111366546150946, 519729363488661730, -985506773210499407, -4200993638954417200, -2428125294481089193, 6863614302194855954, -4047807065005827902, 671741657921298855, -2474342115013482454, 1456021333730906917, -7847138908521635199, -6379222570276424822, 900177460672453730, -1092081963560847561, -6250169169544662397, 3938121031309867591, 3744443661898580424, -5164449950489352683, 2236041806001444339, -3243678455402757883, 4826951442910667173, -8337574405113243105, -6475861777418420833, -4247957257408263822, -7775166512534357648, 1427566271270327492, -7502898253325429395, 5956404670611568265, -8874191398673492372, -658368875249645840, 6265078943253654583, -1612864025255215684, 5562267644592764269, -1212885275695651916, -7309451802580478214, -3712575224634800351, 2149796159728551082, 5121673940858453199, -4325372110114558626, -5158636599354686146, 5612916016120601725, -721797574650032382, -9038532574733297421, -3865658436934670418, -7441950600428911606, -48401058592980399, 6431974695553165940, 638850886221676502, 1565840228758527042, -8802305524648431566, 3773613363614075463, 832979354023356693, 2476092125948616481, -2130272883101917451, -4037912388403215168}
---

[TestInt32/snapshot - 1]
[]int32{-608646430, -238468480, -1041827379, -798103467, 1602320276, 843425150, 1991709854, -2112013934, 2136488377, -694543861, -1127548950, 555991332, -1199789279, -1142573799, -472421874, 1483552004, 1196369686, -2023168360, -1262652417, -934929376, 2115648366, 1706132025, -657547751, -72137554, -1201283196, -281073534, -708431394, -1478223413, -927512370, -984732300, 377138901, -1434839025, -356683014, 421351733, -1831794756, 1736141527, 1808271112, -1341176122, -1949719, -140077653, 2039361858, -1460490822, 1279332032, 1291015182, 64767892, 445491678, 974446818, -1425279311, 242369488, -800039593, -979537902, -1425876798, -1791286873, -1110104022, 1315689253, 376169089, -209390710, -1842226078, -2141702345, 1328624259, -2118632889, -319979064, -389257707, -308046349, 1814135045, 1455415717, -1093264865, 645004703, -1960621710, 1591769456, -865758012, 1755551085, 1380431497, -1120053652, 59918064, -429265865, -542638660, -577129107, -1797528652, 207230714, -709228767, -1742830422, 1010711759, -1891799714, 841123134, -822600579, 457117442, -264660749, -75208786, -1452407798, 1607467601, 1421830772, 162512854, 1378556994, 249507890, 1508002375, 634120469, 1850679073, 2014322421, -1760312128}
---

[TestInt64/snapshot - 1]
[]int64{7427497694114400994, -3465415743363267968, 8046058179276503501, -1743599329602574251, 3880120997801719700, 514349633351558526, 4446400990080865438, 2122391901483907474, 6895786857353198009, 6924233354931477003, 5927071441631246314, -101173382939950812, 738172046529047329, 4705289697015215385, 4499922473467734542, 3838397675324912900, -1817706853701834986, -4814152810303527272, 2790305513529504767, 7435769856634788896, -7846188202886284434, -6982750187383848391, 8695158562790219289, 4379385561030542510, 2668152353020305284, -4071872667563644798, -5580025175278734882, 4235358654601370059, 5694409455634434254, 8253492515476221300, 6780100824849362645, 4019602278200252431, 2257030709832938234, 5696829327457210677, 2646565709321144252, -6846916997599761705, 1668213974439036680, -8310833853076912442, -4530383245293764631, 2723633719409022379, 9024564634191802690, 2917482548687973818, 667914540188503744, -5521557903737924594, -1229468645074385004, -4924111366546150946, 519729363488661730, -985506773210499407, -4200993638954417200, -2428125294481089193, 6863614302194855954, -4047807065005827902, 671741657921298855, -2474342115013482454, 1456021333730906917, -7847138908521635199, -6379222570276424822, 900177460672453730, -1092081963560847561, -6250169169544662397, 3938121031309867591, 3744443661898580424, -5164449950489352683, 2236041806001444339, -3243678455402757883, 4826951442910667173, -8337574405113243105, -6475861777418420833, -4247957257408263822, -7775166512534357648, 1427566271270327492, -7502898253325429395, 5956404670611568265, -8874191398673492372, -658368875249645840, 6265078943253654583, -1612864025255215684, 5562267644592764269, -1212885275695651916, -7309451802580478214, -3712575224634800351, 2149796159728551082, 5121673940858453199, -4325372110114558626, -5158636599354686146, 5612916016120601725, -721797574650032382, -9038532574733297421, -3865658436934670418, -7441950600428911606, -48401058592980399, 6431974695553165940, 638850886221676502, 1565840228758527042, -8802305524648431566, 3773613363614075463, 832979354023356693, 2476092125948616481, -2130272883101917451, -4037912388403215168}
---

[TestUint/snapshot - 1]
[]uint{0x6713c5ccdbb8cae2, 0xcfe85ebdf1c94280, 0x6fa95748c1e6f9cd, 0xe7cd7da5d06de855, 0x35d8f57d5f817794, 0x72356443245a57e, 0x3db4ca2476b7149e, 0x1d744030821d3992, 0x5fb2c19c7f5839b9, 0x6017d18cd69a1a0b, 0x52413012bccaf7ea, 0xfe988f582123c124, 0xa3e8390b87cab21, 0x414c8c0cbbe5b519, 0x3e72efa5e3d76a0e, 0x3544ba59586d3504, 0xe6c6353f474f2716, 0xbd30b1868768e698, 0x26b92814b4bd73ff, 0x67312949c8461c20, 0x931cbd667e1a3b6e, 0x9f1849b365b18239, 0x78ab68a4d8ce9e19, 0x3cc6b3f6fbb344ae, 0x25072e6db865df84, 0xc77dcd61ef3f2882, 0xb28fc4aad5c631de, 0x3ac70441a7e419cb, 0x4f069b3ac8b748ce, 0x728a4bb6c54e2d74, 0x5e17c1c7167aaed5, 0x37c87ef9aa7a180f, 0x1f529578eabd72fa, 0x4f0f3417191d5135, 0x24ba7d7d92d107bc, 0xa0fadd44677b6ad7, 0x1726afc56bc80708, 0x8ca9fca4b00f46c6, 0xc120d870ffe23fe9, 0x25cc4a6ff7a695ab, 0x7d3db1b8798e3142, 0x287cfaeba8f2adba, 0x944e8bc4c410ec0, 0xb35f7c574cf3540e, 0xeef00cc803dc4794, 0xbbaa0acd1a8da9de, 0x736731a3a14e0e2, 0xf252c6cfab0bf6b1, 0xc5b3128b0e7243d0, 0xde4d90e8d0505d57, 0x5f4074d7c59d7012, 0xc7d34cebab02d8c2, 0x952817a953b21a7, 0xdda95ef4bdd5282a, 0x1434d3b04e6bd325, 0x93195cbd166be281, 0xa77872def384f38a, 0xc7e12a19231dc62, 0xf0d8253d80583737, 0xa942f0414f313283, 0x36a7043681b83a47, 0x33f6efabeced81c8, 0xb8543021e8cc6615, 0x1f08042ceda395f3, 0xd2fc23a16c218105, 0x42fcc6c356bfe1a5, 0x8c4afc40bed61a1f, 0xa6211e062671fd9f, 0xc50c39618b234972, 0x94190f405ee07970, 0x13cfbbf5cc6594c4, 0x97e059ca68a3956d, 0x52a9667d5247b689, 0x84d889f0bd3d566c, 0xf6dd00ff039246f0, 0x56f2081ae669ec37, 0xe99df4b6dfa7fdbc, 0x4d3124f3dd99b56d, 0xef2af74494dbe3b4, 0x9a8f9c500c5a16fa, 0xcc7a4880d5ba0721, 0x1dd59c37981e84aa, 0x4713d7503c3e3ccf, 0xc3f930fb8f3d6d5e, 0xb868d7583222853e, 0x4de51560cef81c7d, 0xf5fba8ee1b3f0f02, 0x8290ae82f03998f3, 0xca5a6c21fb8467ae, 0x98b8e15ba96e040a, 0xff540b7e5fd00251, 0x5942f6e854bf6a74, 0x8dda77f09afbfd6, 0x15bafb64522b1c42, 0x85d7edc30edf3032, 0x345e915c59e24a47, 0xb8f564f25cbe915, 0x225cd8ab6e4f1f21, 0xe26fc01978101ef5, 0xc7f674139713c4c0}
---

[TestUint32/snapshot - 1]
[]uint32{0xdbb8cae2, 0xf1c94280, 0xc1e6f9cd, 0xd06de855, 0x5f817794, 0x3245a57e, 0x76b7149e, 0x821d3992, 0x7f5839b9, 0xd69a1a0b, 0xbccaf7ea, 0x2123c124, 0xb87cab21, 0xbbe5b519, 0xe3d76a0e, 0x586d3504, 0x474f2716, 0x8768e698, 0xb4bd73ff, 0xc8461c20, 0x7e1a3b6e, 0x65b18239, 0xd8ce9e19, 0xfbb344ae, 0xb865df84, 0xef3f2882, 0xd5c631de, 0xa7e419cb, 0xc8b748ce, 0xc54e2d74, 0x167aaed5, 0xaa7a180f, 0xeabd72fa, 0x191d5135, 0x92d107bc, 0x677b6ad7, 0x6bc80708, 0xb00f46c6, 0xffe23fe9, 0xf7a695ab, 0x798e3142, 0xa8f2adba, 0x4c410ec0, 0x4cf3540e, 0x3dc4794, 0x1a8da9de, 0x3a14e0e2, 0xab0bf6b1, 0xe7243d0, 0xd0505d57, 0xc59d7012, 0xab02d8c2, 0x953b21a7, 0xbdd5282a, 0x4e6bd325, 0x166be281, 0xf384f38a, 0x9231dc62, 0x80583737, 0x4f313283, 0x81b83a47, 0xeced81c8, 0xe8cc6615, 0xeda395f3, 0x6c218105, 0x56bfe1a5, 0xbed61a1f, 0x2671fd9f, 0x8b234972, 0x5ee07970, 0xcc6594c4, 0x68a3956d, 0x5247b689, 0xbd3d566c, 0x39246f0, 0xe669ec37, 0xdfa7fdbc, 0xdd99b56d, 0x94dbe3b4, 0xc5a16fa, 0xd5ba0721, 0x981e84aa, 0x3c3e3ccf, 0x8f3d6d5e, 0x3222853e, 0xcef81c7d, 0x1b3f0f02, 0xf03998f3, 0xfb8467ae, 0xa96e040a, 0x5fd00251, 0x54bf6a74, 0x9afbfd6, 0x522b1c42, 0xedf3032, 0x59e24a47, 0x25cbe915, 0x6e4f1f21, 0x78101ef5, 0x9713c4c0}
---

[TestUint64/snapshot - 1]
[]uint64{0x6713c5ccdbb8cae2, 0xcfe85ebdf1c94280, 0x6fa95748c1e6f9cd, 0xe7cd7da5d06de855, 0x35d8f57d5f817794, 0x72356443245a57e, 0x3db4ca2476b7149e, 0x1d744030821d3992, 0x5fb2c19c7f5839b9, 0x6017d18cd69a1a0b, 0x52413012bccaf7ea, 0xfe988f582123c124, 0xa3e8390b87cab21, 0x414c8c0cbbe5b519, 0x3e72efa5e3d76a0e, 0x3544ba59586d3504, 0xe6c6353f474f2716, 0xbd30b1868768e698, 0x26b92814b4bd73ff, 0x67312949c8461c20, 0x931cbd667e1a3b6e, 0x9f1849b365b18239, 0x78ab68a4d8ce9e19, 0x3cc6b3f6fbb344ae, 0x25072e6db865df84, 0xc77dcd61ef3f2882, 0xb28fc4aad5c631de, 0x3ac70441a7e419cb, 0x4f069b3ac8b748ce, 0x728a4bb6c54e2d74, 0x5e17c1c7167aaed5, 0x37c87ef9aa7a180f, 0x1f529578eabd72fa, 0x4f0f3417191d5135, 0x24ba7d7d92d107bc, 0xa0fadd44677b6ad7, 0x1726afc56bc80708, 0x8ca9fca4b00f46c6, 0xc120d870ffe23fe9, 0x25cc4a6ff7a695ab, 0x7d3db1b8798e3142, 0x287cfaeba8f2adba, 0x944e8bc4c410ec0, 0xb35f7c574cf3540e, 0xeef00cc803dc4794, 0xbbaa0acd1a8da9de, 0x736731a3a14e0e2, 0xf252c6cfab0bf6b1, 0xc5b3128b0e7243d0, 0xde4d90e8d0505d57, 0x5f4074d7c59d7012, 0xc7d34cebab02d8c2, 0x952817a953b21a7, 0xdda95ef4bdd5282a, 0x1434d3b04e6bd325, 0x93195cbd166be281, 0xa77872def384f38a, 0xc7e12a19231dc62, 0xf0d8253d80583737, 0xa942f0414f313283, 0x36a7043681b83a47, 0x33f6efabeced81c8, 0xb8543021e8cc6615, 0x1f08042ceda395f3, 0xd2fc23a16c218105, 0x42fcc6c356bfe1a5, 0x8c4afc40bed61a1f, 0xa6211e062671fd9f, 0xc50c39618b234972, 0x94190f405ee07970, 0x13cfbbf5cc6594c4, 0x97e059ca68a3956d, 0x52a9667d5247b689, 0x84d889f0bd3d566c, 0xf6dd00ff039246f0, 0x56f2081ae669ec37, 0xe99df4b6dfa7fdbc, 0x4d3124f3dd99b56d, 0xef2af74494dbe3b4, 0x9a8f9c500c5a16fa, 0xcc7a4880d5ba0721, 0x1dd59c37981e84aa, 0x4713d7503c3e3ccf, 0xc3f930fb8f3d6d5e, 0xb868d7583222853e, 0x4de51560cef81c7d, 0xf5fba8ee1b3f0f02, 0x8290ae82f03998f3, 0xca5a6c21fb8467ae, 0x98b8e15ba96e040a, 0xff540b7e5fd00251, 0x5942f6e854bf6a74, 0x8dda77f09afbfd6, 0x15bafb64522b1c42, 0x85d7edc30edf3032, 0x345e915c59e24a47, 0xb8f564f25cbe915, 0x225cd8ab6e4f1f21, 0xe26fc01978101ef5, 0xc7f674139713c4c0}
---

[TestInt32Between/snapshot - 1]
[]int32{98, 0, 77, -43, 20, -2, 30, 18, 57, -117, 106, -92, -95, -103, -114, -124, -106, 24, 127, -96, -18, -71, -103, 46, 4, 2, 94, 75, 78, -12, 85, -113, 122, -75, 60, 87, -120, 70, 105, 43, -62, 58, 64, -114, 20, 94, 98, 49, 80, -41, -110, 66, 39, -86, -91, 1, 10, -30, -73, 3, -57, 72, -107, 115, -123, 37, -97, 31, -14, -16, 68, -19, 9, -20, 112, -73, 60, -19, 52, 122, -95, 42, 79, -34, -66, -3, -126, 115, 46, -118, -47, -12, 86, -62, -78, -57, -107, -95, 117, 64}
---

[TestIntBetween/snapshot - 1]
[]int{98, 0, 77, -43, 20, -2, 30, 18, 57, -117, 106, -92, -95, -103, -114, -124, -106, 24, 127, -96, -18, -71, -103, 46, 4, 2, 94, 75, 78, -12, 85, -113, 122, -75, 60, 87, -120, 70, 105, 43, -62, 58, 64, -114, 20, 94, 98, 49, 80, -41, -110, 66, 39, -86, -91, 1, 10, -30, -73, 3, -57, 72, -107, 115, -123, 37, -97, 31, -14, -16, 68, -19, 9, -20, 112, -73, 60, -19, 52, 122, -95, 42, 79, -34, -66, -3, -126, 115, 46, -118, -47, -12, 86, -62, -78, -57, -107, -95, 117, 64}
---

[TestInt64Between/snapshot - 1]
[]int64{98, 0, 77, -43, 20, -2, 30, 18, 57, -117, 106, -92, -95, -103, -114, -124, -106, 24, 127, -96, -18, -71, -103, 46, 4, 2, 94, 75, 78, -12, 85, -113, 122, -75, 60, 87, -120, 70, 105, 43, -62, 58, 64, -114, 20, 94, 98, 49, 80, -41, -110, 66, 39, -86, -91, 1, 10, -30, -73, 3, -57, 72, -107, 115, -123, 37, -97, 31, -14, -16, 68, -19, 9, -20, 112, -73, 60, -19, 52, 122, -95, 42, 79, -34, -66, -3, -126, 115, 46, -118, -47, -12, 86, -62, -78, -57, -107, -95, 117, 64}
---

[TestUint32Between/snapshot - 1]
[]uint32{0xe2, 0x80, 0x55, 0x9e, 0xb, 0xe, 0x98, 0x20, 0x39, 0x19, 0xae, 0x82, 0xce, 0xd5, 0xf, 0xfa, 0xd7, 0xc6, 0xc0, 0xe, 0xe2, 0xb1, 0x12, 0xc2, 0x2a, 0x81, 0x62, 0x83, 0x47, 0x15, 0x1f, 0xc4, 0x89, 0x6c, 0xf0, 0x37, 0xfa, 0xaa, 0xcf, 0x7d, 0xf3, 0xa, 0x51, 0x74, 0x42, 0x32, 0x47, 0xf5, 0xc0, 0x62, 0xf6, 0x9b, 0xef, 0x48, 0xfe, 0x59, 0x2a, 0xe1, 0x86, 0x17, 0xfb, 0x75, 0xe6, 0x10, 0x2e, 0x38, 0x78, 0x41, 0xba, 0x80, 0x47, 0x6e, 0xb8, 0x5f, 0x25, 0x91, 0x5, 0xd1, 0xe0, 0x2c, 0x51, 0x53, 0xf5, 0xcc, 0xe, 0x60, 0xf5, 0xb, 0xe9, 0xc4, 0xc1, 0xf7, 0x2b, 0xab, 0x3e, 0x99, 0x88, 0xf7, 0x78, 0xef}
---

[TestUintBetween/snapshot - 1]
[]uint{0xe2, 0x80, 0x55, 0x9e, 0xb, 0xe, 0x98, 0x20, 0x39, 0x19, 0xae, 0x82, 0xce, 0xd5, 0xf, 0xfa, 0xd7, 0xc6, 0xc0, 0xe, 0xe2, 0xb1, 0x12, 0xc2, 0x2a, 0x81, 0x62, 0x83, 0x47, 0x15, 0x1f, 0xc4, 0x89, 0x6c, 0xf0, 0x37, 0xfa, 0xaa, 0xcf, 0x7d, 0xf3, 0xa, 0x51, 0x74, 0x42, 0x32, 0x47, 0xf5, 0xc0, 0x62, 0xf6, 0x9b, 0xef, 0x48, 0xfe, 0x59, 0x2a, 0xe1, 0x86, 0x17, 0xfb, 0x75, 0xe6, 0x10, 0x2e, 0x38, 0x78, 0x41, 0xba, 0x80, 0x47, 0x6e, 0xb8, 0x5f, 0x25, 0x91, 0x5, 0xd1, 0xe0, 0x2c, 0x51, 0x53, 0xf5, 0xcc, 0xe, 0x60, 0xf5, 0xb, 0xe9, 0xc4, 0xc1, 0xf7, 0x2b, 0xab, 0x3e, 0x99, 0x88, 0xf7, 0x78, 0xef}
---

[TestUint64Between/snapshot - 1]
[]uint64{0xe2, 0x80, 0x55, 0x9e, 0xb, 0xe, 0x98, 0x20, 0x39, 0x19, 0xae, 0x82, 0xce, 0xd5, 0xf, 0xfa, 0xd7, 0xc6, 0xc0, 0xe, 0xe2, 0xb1, 0x12, 0xc2, 0x2a, 0x81, 0x62, 0x83, 0x47, 0x15, 0x1f, 0xc4, 0x89, 0x6c, 0xf0, 0x37, 0xfa, 0xaa, 0xcf, 0x7d, 0xf3, 0xa, 0x51, 0x74, 0x42, 0x32, 0x47, 0xf5, 0xc0, 0x62, 0xf6, 0x9b, 0xef, 0x48, 0xfe, 0x59, 0x2a, 0xe1, 0x86, 0x17, 0xfb, 0x75, 0xe6, 0x10, 0x2e, 0x38, 0x78, 0x41, 0xba, 0x80, 0x47, 0x6e, 0xb8, 0x5f, 0x25, 0x91, 0x5, 0xd1, 0xe0, 0x2c, 0x51, 0x53, 0xf5, 0xcc, 0xe, 0x60, 0xf5, 0xb, 0xe9, 0xc4, 0xc1, 0xf7, 0x2b, 0xab, 0x3e, 0x99, 0x88, 0xf7, 0x78, 0xef}
---

[TestFloat32/snapshot - 1]
[]float32{0.7218457460403442, 0.7861709594726562, 0.9022491574287415, 0.4293263554573059, 0.5057308673858643, 0.2720564603805542, 0.7151583433151245, 0.11415970325469971, 0.34463077783584595, 0.6019598841667175, 0.7928453683853149, 0.13966584205627441, 0.4869862198829651, 0.8972945809364319, 0.8414620161056519, 0.4265902042388916, 0.30919015407562256, 0.40976858139038086, 0.7400512099266052, 0.2738666534423828, 0.10246932506561279, 0.6933932900428772, 0.8070998787879944, 0.7002667188644409, 0.39794182777404785, 0.2467118501663208, 0.7741984128952026, 0.8910185694694519, 0.7159546613693237, 0.30538105964660645, 0.47923022508621216, 0.47692960500717163, 0.7400356531143188, 0.1145203709602356, 0.8165242671966553, 0.4820989966392517, 0.7813572883605957, 0.05967366695404053, 0.8837876915931702, 0.6507212519645691, 0.5554391145706177, 0.9479633569717407, 0.2541313171386719, 0.9505013227462769, 0.8604671955108643, 0.5533732175827026, 0.08155643939971924, 0.046732962131500244, 0.4463472366333008, 0.31392425298690796, 0.614991307258606, 0.011119961738586426, 0.23098224401474, 0.8326441049575806, 0.4211905598640442, 0.421424925327301, 0.5193411111831665, 0.194769024848938, 0.34459251165390015, 0.19217699766159058, 0.719639241695404, 0.9277615547180176, 0.7984326481819153, 0.6390067934989929, 0.13087493181228638, 0.7495368123054504, 0.836336076259613, 0.4452762007713318, 0.1378394365310669, 0.8768529891967773, 0.396801233291626, 0.638998806476593, 0.28012901544570923, 0.23959994316101074, 0.5713949203491211, 0.41376060247421265, 0.6562154293060303, 0.600424587726593, 0.8589432239532471, 0.35191309452056885, 0.7266712784767151, 0.11921179294586182, 0.2431153655052185, 0.2399500608444214, 0.13484561443328857, 0.9691846966743469, 0.24632275104522705, 0.22499006986618042, 0.5172070264816284, 0.42974913120269775, 0.8125353455543518, 0.747718095779419, 0.6865209341049194, 0.16839993000030518, 0.8718291521072388, 0.883945882320404, 0.7965252995491028, 0.3090687394142151, 0.06297236680984497, 0.07722091674804688}
---

[TestFloat64/snapshot - 1]
[]float64{0.6178955356066036, 0.2615651819597389, 0.29190481063397444, 0.4215878554234772, 0.7799670091005617, 0.10428056544075992, 0.6496755903869091, 0.6328356305401022, 0.5861341941070385, 0.744329852241948, 0.03711830972292529, 0.7674980780848597, 0.9535602191220712, 0.39209591578188274, 0.5917539072063975, 0.14774768133943939, 0.19399990012718393, 0.5216705937120478, 0.7861426858977437, 0.5362900649641951, 0.8981201613367895, 0.7589966760825241, 0.3565239176286382, 0.20946835670669883, 0.22441755309317601, 0.931321112898573, 0.49275724175236824, 0.21926958838667454, 0.2064489288552751, 0.3217424253102039, 0.7424045027778116, 0.26549990936541856, 0.5807461342588731, 0.4751086702840782, 0.8278186671743621, 0.8395101567396875, 0.20895644236608835, 0.31209024798064244, 0.02642106988241466, 0.3840865933349752, 0.9279444097642584, 0.9056299495472822, 0.15341009992013, 0.9839283469142417, 0.5015602183723211, 0.31381850420194346, 0.7015505918889426, 0.5867689457661155, 0.5960135728984088, 0.42393913923562365, 0.014263044325618646, 0.6031397190152108, 0.578305522410166, 0.29284131123245527, 0.6508409053481939, 0.7925706327360588, 0.7640223270642406, 0.9397743087164481, 0.7545459276895831, 0.09182801692220754, 0.21926427207819976, 0.7167567851538985, 0.630875544247092, 0.2505097047221042, 0.8793494331294204, 0.8992630667044536, 0.3432925917885007, 0.034915042007856445, 0.3820045201812674, 0.783111748987535, 0.4916943542599701, 0.010960773823780579, 0.2937609297784586, 0.7668384262166916, 0.9063716001275832, 0.5634893894451868, 0.9361223572049577, 0.5357608154423993, 0.34268406938564633, 0.48783113872988726, 0.8213504957531975, 0.6753194781378131, 0.6200333763717029, 0.7872293279319071, 0.27628717224084887, 0.15885963843983542, 0.8643713504938833, 0.5213026706594789, 0.8256997978635263, 0.7775095280813968, 0.6264030333841878, 0.09264008095062914, 0.926696318549143, 0.8431874852038919, 0.74777367500929, 0.9552442317529505, 0.47928578741201255, 0.9014489321207045, 0.49219964456366816, 0.7016694975592586}
---

[TestBool/snapshot - 1]
[]bool{false, false, true, true, false, false, false, false, true, true, false, false, true, true, false, false, false, false, true, false, false, true, true, false, false, false, false, true, false, false, true, true, false, true, false, true, false, false, true, true, false, false, false, false, false, false, false, true, false, true, false, false, true, false, true, true, false, false, true, true, true, false, true, true, true, true, true, true, false, false, false, true, true, false, false, true, false, true, false, false, true, false, true, false, false, true, false, true, false, false, true, false, false, false, false, true, true, true, true, false}
---
